Nothing to build in platform 'design_1_wrapper'

15:35:59 **** Clean-only build of configuration Debug for project GPIOController ****
make clean 
rm -rf  ./src/testGpio.o  ./src/testGpio.d  GPIOController.elf.size  GPIOController.elf
' '
15:36:23 **** Incremental Build of configuration Debug for project GPIOController ****
make all 
make --no-print-directory pre-build
a9-linaro-pre-build-step
' '
make --no-print-directory main-build
'Building file: ../src/testGpio.c'
'Invoking: ARM v7 gcc compiler'
arm-none-eabi-gcc -Wall -O0 -g3 -IE:/Academics/BTP/VitisSDK/GPIO_Controller/design_1_wrapper/export/design_1_wrapper/sw/design_1_wrapper/standalone_ps7_cortexa9_0/bspinclude/include -I"E:\Academics\BTP\VitisSDK\GPIO_Controller\design_1_wrapper\zynq_fsbl\zynq_fsbl_bsp\ps7_cortexa9_0\include" -c -fmessage-length=0 -MT"src/testGpio.o" -mcpu=cortex-a9 -mfpu=vfpv3 -mfloat-abi=hard -MMD -MP -MF"src/testGpio.d" -MT"src/testGpio.d" -o "src/testGpio.o" "../src/testGpio.c"
'Finished building: ../src/testGpio.c'
' '
'Building target: GPIOController.elf'
'Invoking: ARM v7 gcc linker'
arm-none-eabi-gcc -mcpu=cortex-a9 -mfpu=vfpv3 -mfloat-abi=hard -Wl,-build-id=none -specs=Xilinx.spec -Wl,-T -Wl,../src/lscript.ld -LE:/Academics/BTP/VitisSDK/GPIO_Controller/design_1_wrapper/export/design_1_wrapper/sw/design_1_wrapper/standalone_ps7_cortexa9_0/bsplib/lib -o "GPIOController.elf"  ./src/testGpio.o   -Wl,--start-group,-lxil,-lgcc,-lc,--end-group
'Finished building target: GPIOController.elf'
' '
'Invoking: ARM v7 Print Size'
arm-none-eabi-size GPIOController.elf  |tee "GPIOController.elf.size"
   text	   data	    bss	    dec	    hex	filename
  19208	   1144	  22568	  42920	   a7a8	GPIOController.elf
'Finished building: GPIOController.elf.size'
' '
