

================================================================
== Synthesis Summary Report of 'top'
================================================================
+ General Information: 
    * Date:           Sun May  8 20:47:13 2022
    * Version:        2020.2 (Build 3064766 on Wed Nov 18 09:12:45 MST 2020)
    * Project:        Radar_Processor
    * Solution:       solution1 (Vivado IP Flow Target)
    * Product family: zynq
    * Target device:  xc7z020-clg484-1
    

+ Performance & Resource Estimates: 
    
    PS: '+' for module; 'o' for loop; '*' for dataflow
    +--------------------------------------------------------+------+-------+---------+-----------+----------+---------+---------+----------+-----------+---------+-----------+-----------+-----+
    |                         Modules                        | Issue|       | Latency |  Latency  | Iteration|         |   Trip  |          |           |         |           |           |     |
    |                         & Loops                        | Type | Slack | (cycles)|    (ns)   |  Latency | Interval|  Count  | Pipelined|   BRAM    |   DSP   |     FF    |    LUT    | URAM|
    +--------------------------------------------------------+------+-------+---------+-----------+----------+---------+---------+----------+-----------+---------+-----------+-----------+-----+
    |+ top                                                   |     -|  -0.06|  4709448|  4.709e+07|         -|  4709449|        -|        no|  200 (71%)|  2 (~0%)|  4166 (3%)|  4126 (7%)|    -|
    | + grp_matchedFilter_fu_467                             |     -|  -0.20|  3820798|  3.821e+07|         -|  3820798|        -|        no|    2 (~0%)|        -|  797 (~0%)|   801 (1%)|    -|
    |  o VITIS_LOOP_90_1_VITIS_LOOP_91_2_VITIS_LOOP_92_3     |     -|  -7.30|  3820796|  3.821e+07|         7|        1|  3820791|       yes|          -|        -|          -|          -|    -|
    | + grp_fft_fu_479                                       |     -|  -0.06|   320521|  3.205e+06|         -|   320521|        -|        no|     4 (1%)|  1 (~0%)|  792 (~0%)|   674 (1%)|    -|
    |  o VITIS_LOOP_117_1_VITIS_LOOP_118_2_VITIS_LOOP_119_3  |     -|  -7.30|   320519|  3.205e+06|         9|        1|   320512|       yes|          -|        -|          -|          -|    -|
    | + grp_matmul_fu_491                                    |     -|  -0.39|   488288|  4.883e+06|         -|   488288|        -|        no|    2 (~0%)|  1 (~0%)|  704 (~0%)|   691 (1%)|    -|
    |  o VITIS_LOOP_73_1_VITIS_LOOP_74_2_VITIS_LOOP_75_3     |     -|  -7.30|   488286|  4.883e+06|         8|        1|   488280|       yes|          -|        -|          -|          -|    -|
    | o VITIS_LOOP_6_1                                       |     -|  -7.30|    12520|  1.252e+05|         1|        1|    12520|       yes|          -|        -|          -|          -|    -|
    | o VITIS_LOOP_10_2                                      |     -|  -7.30|    12520|  1.252e+05|         1|        1|    12520|       yes|          -|        -|          -|          -|    -|
    | o VITIS_LOOP_37_1_VITIS_LOOP_38_2                      |     -|  -7.30|    12521|  1.252e+05|         3|        1|    12520|       yes|          -|        -|          -|          -|    -|
    | o VITIS_LOOP_108_1_VITIS_LOOP_109_2                    |     -|  -7.30|    12211|  1.221e+05|         6|        1|    12207|       yes|          -|        -|          -|          -|    -|
    | o VITIS_LOOP_59_1_VITIS_LOOP_60_2                      |     -|  -7.30|    10017|  1.002e+05|         3|        1|    10016|       yes|          -|        -|          -|          -|    -|
    | o VITIS_LOOP_17_1                                      |     -|  -7.30|    10017|  1.002e+05|         3|        1|    10016|       yes|          -|        -|          -|          -|    -|
    | o VITIS_LOOP_21_2                                      |     -|  -7.30|    10017|  1.002e+05|         3|        1|    10016|       yes|          -|        -|          -|          -|    -|
    +--------------------------------------------------------+------+-------+---------+-----------+----------+---------+---------+----------+-----------+---------+-----------+-----------+-----+

