15:18:20 **** Incremental Build of configuration Debug for project RadarProcessorApplication ****
make all 
make --no-print-directory pre-build
a9-linaro-pre-build-step
' '
make --no-print-directory main-build
'Building file: ../src/main.c'
'Invoking: ARM v7 gcc compiler'
arm-none-eabi-gcc -Wall -O0 -g3 -c -fmessage-length=0 -MT"src/main.o" -mcpu=cortex-a9 -mfpu=vfpv3 -mfloat-abi=hard -IE:/Academics/BTP/VitisSDK/Radar_Processor3/RadarProcessor_HW/export/RadarProcessor_HW/sw/RadarProcessor_HW/standalone_ps7_cortexa9_0/bspinclude/include -MMD -MP -MF"src/main.d" -MT"src/main.o" -o "src/main.o" "../src/main.c"
../src/main.c: In function 'main':
../src/main.c:22:11: warning: unused variable 'byteRead' [-Wunused-variable]
   22 |     uint *byteRead;
      |           ^~~~~~~~
../src/main.c:21:10: warning: unused variable 'line' [-Wunused-variable]
   21 |     char line[33];/* Line buffer */
      |          ^~~~
'Finished building: ../src/main.c'
' '
'Building target: RadarProcessorApplication.elf'
'Invoking: ARM v7 gcc linker'
arm-none-eabi-gcc -mcpu=cortex-a9 -mfpu=vfpv3 -mfloat-abi=hard -Wl,-build-id=none -specs=Xilinx.spec -Wl,-T -Wl,../src/lscript.ld -LE:/Academics/BTP/VitisSDK/Radar_Processor3/RadarProcessor_HW/export/RadarProcessor_HW/sw/RadarProcessor_HW/standalone_ps7_cortexa9_0/bsplib/lib -o "RadarProcessorApplication.elf"  ./src/main.o ./src/miscellaneous.o ./src/sdcard.o   -Wl,--start-group,-lxil,-lgcc,-lc,--end-group -Wl,--start-group,-lxilffs,-lxil,-lgcc,-lc,--end-group
'Finished building target: RadarProcessorApplication.elf'
' '
'Invoking: ARM v7 Print Size'
arm-none-eabi-size RadarProcessorApplication.elf  |tee "RadarProcessorApplication.elf.size"
   text	   data	    bss	    dec	    hex	filename
  62820	   2420	 830352	 895592	  daa68	RadarProcessorApplication.elf
'Finished building: RadarProcessorApplication.elf.size'
' '

15:18:23 Build Finished (took 3s.13ms)

